tile 0 "giant ant"
tile 1 "giant tick"
tile 2 "killer bee"
tile 3 "giant flea"
tile 4 "soldier ant"
tile 5 "fire ant"
tile 6 "snow ant"
tile 7 "giant beetle"
tile 8 "giant louse"
tile 9 "tsetse fly"
tile 10 "migo drone"
tile 11 "queen bee"
tile 12 "yellow jacket"
tile 13 "black wasp"
tile 14 "migo warrior"
tile 15 "giant wasp"
tile 16 "spitting beetle"
tile 17 "migo queen"
tile 18 "assassin bug"
tile 19 "killer beetle"
tile 20 "acid blob"
tile 21 "quivering blob"
tile 22 "gelatinous cube"
tile 23 "jiggling blob"
tile 24 "lava blob"
tile 25 "static blob"
tile 26 "burbling blob"
tile 27 "chicken"
tile 28 "cockatoo"
tile 29 "chickatrice"
tile 30 "cockatrice"
tile 31 "pyrolisk"
tile 32 "parrot"
tile 33 "jackal"
tile 34 "fox"
tile 35 "coyote"
tile 36 "werejackal"
tile 37 "little dog"
tile 38 "dog"
tile 39 "large dog"
tile 40 "pit bull"
tile 41 "dingo puppy"
tile 42 "dingo"
tile 43 "large dingo"
tile 44 "wolf"
tile 45 "death dog"
tile 46 "rabid wolf"
tile 47 "werewolf"
tile 48 "warg"
tile 49 "winter wolf cub"
tile 50 "winter wolf"
tile 51 "hell hound pup"
tile 52 "wolverine"
tile 53 "shadow wolf"
tile 54 "mist wolf"
tile 55 "hell hound"
tile 56 "Cerberus"
tile 57 "gas spore"
tile 58 "floating eye"
tile 59 "glowing eye"
tile 60 "freezing sphere"
tile 61 "flaming sphere"
tile 62 "shocking sphere"
tile 63 "bloodshot eye"
tile 64 "blinking eye"
tile 65 "kitten"
tile 66 "housecat"
tile 67 "jaguar"
tile 68 "lynx"
tile 69 "panther"
tile 70 "werepanther"
tile 71 "large cat"
tile 72 "kamadan"
tile 73 "displacer beast"
tile 74 "caterwaul"
tile 75 "tiger"
tile 76 "weretiger"
tile 77 "sabre-toothed cat"
tile 78 "hellcat"
tile 79 "gremlin"
tile 80 "gargoyle"
tile 81 "winged gargoyle"
tile 82 "statue gargoyle"
tile 83 "hobbit"
tile 84 "dwarf"
tile 85 "dwarf thief"
tile 86 "bugbear"
tile 87 "dwarf lord"
tile 88 "dwarf king"
tile 89 "duergar"
tile 90 "deep one"
tile 91 "mind flayer"
tile 92 "master mind flayer"
tile 93 "deeper one"
tile 94 "deepest one"
tile 95 "manes"
tile 96 "homunculus"
tile 97 "dretch"
tile 98 "imp"
tile 99 "lemure"
tile 100 "quasit"
tile 101 "rutterkin"
tile 102 "tengu"
tile 103 "nupperibo"
tile 104 "blood imp"
tile 105 "blue jelly"
tile 106 "spotted jelly"
tile 107 "clear jelly"
tile 108 "ochre jelly"
tile 109 "yellow jelly"
tile 110 "orange jelly"
tile 111 "rancid jelly"
tile 112 "kobold"
tile 113 "large kobold"
tile 114 "kobold lord"
tile 115 "kobold shaman"
tile 116 "swamp kobold"
tile 117 "rock kobold"
tile 118 "kobold warrior"
tile 119 "Kroo the Kobold King"
tile 120 "leprechaun"
tile 121 "leprechaun wizard"
tile 122 "small mimic"
tile 123 "large mimic"
tile 124 "giant mimic"
tile 125 "wood nymph"
tile 126 "water nymph"
tile 127 "mountain nymph"
tile 128 "pixie"
tile 129 "brownie"
tile 130 "quickling"
tile 131 "Aphrodite"
tile 132 "goblin"
tile 133 "hobgoblin"
tile 134 "orc"
tile 135 "hill orc"
tile 136 "Mordor orc"
tile 137 "Uruk-hai"
tile 138 "orc shaman"
tile 139 "orc-captain"
tile 140 "war orc"
tile 141 "great orc"
tile 142 "Grund the Orc King"
tile 143 "snow orc"
tile 144 "demon orc"
tile 145 "rock piercer"
tile 146 "iron piercer"
tile 147 "glass piercer"
tile 148 "lamb"
tile 149 "rothe"
tile 150 "giant badger"
tile 151 "scramper"
tile 152 "sheep"
tile 153 "goat"
tile 154 "squealer"
tile 155 "mumak"
tile 156 "leocrotta"
tile 157 "cow"
tile 158 "mangler"
tile 159 "wumpus"
tile 160 "bull"
tile 161 "titanothere"
tile 162 "baluchitherium"
tile 163 "mastodon"
tile 164 "Jumbo the Elephant"
tile 165 "juggernaut"
tile 166 "catoblepas"
tile 167 "sewer rat"
tile 168 "rabbit"
tile 169 "black rat"
tile 170 "giant rat"
tile 171 "rabid rat"
tile 172 "rabid rabbit"
tile 173 "pack rat"
tile 174 "wererat"
tile 175 "rock mole"
tile 176 "woodchuck"
tile 177 "hellrat"
tile 178 "the Rat King"
tile 179 "cave spider"
tile 180 "centipede"
tile 181 "recluse spider"
tile 182 "giant spider"
tile 183 "barking spider"
tile 184 "scorpion"
tile 185 "carrion crawler"
tile 186 "nickelpede"
tile 187 "giant scorpion"
tile 188 "Girtab"
tile 189 "Shelob"
tile 190 "phase spider"
tile 191 "werespider"
tile 192 "lurker above"
tile 193 "trapper"
tile 194 "white unicorn"
tile 195 "gray unicorn"
tile 196 "black unicorn"
tile 197 "pony"
tile 198 "horse"
tile 199 "warhorse"
tile 200 "Pegasus"
tile 201 "fog cloud"
tile 202 "dust vortex"
tile 203 "ice vortex"
tile 204 "energy vortex"
tile 205 "steam vortex"
tile 206 "fire vortex"
tile 207 "larva"
tile 208 "maggot"
tile 209 "dung worm"
tile 210 "acid worm"
tile 211 "bloodworm"
tile 212 "tunnel worm"
tile 213 "baby long worm"
tile 214 "baby purple worm"
tile 215 "long worm"
tile 216 "purple worm"
tile 217 "rot worm"
tile 218 "grid bug"
tile 219 "spark bug"
tile 220 "arc bug"
tile 221 "lightning bug"
tile 222 "xan"
tile 223 "yellow light"
tile 224 "black light"
tile 225 "zruty"
tile 226 "echidna"
tile 227 "platypus"
tile 228 "koala"
tile 229 "wombat"
tile 230 "Tasmanian devil"
tile 231 "wallaby"
tile 232 "wallaroo"
tile 233 "kangaroo"
tile 234 "couatl"
tile 235 "Aleax"
tile 236 "movanic deva"
tile 237 "monadic deva"
tile 238 "astral deva"
tile 239 "Angel"
tile 240 "ki-rin"
tile 241 "Archon"
tile 242 "Planetar"
tile 243 "Solar"
tile 244 "bat"
tile 245 "giant bat"
tile 246 "rhumbat"
tile 247 "athol"
tile 248 "raven"
tile 249 "vampire bat"
tile 250 "hellbat"
tile 251 "mongbat"
tile 252 "mobat"
tile 253 "harpy"
tile 254 "byakhee"
tile 255 "nightgaunt"
tile 256 "plains centaur"
tile 257 "forest centaur"
tile 258 "mountain centaur"
tile 259 "baby gray dragon"
tile 260 "baby silver dragon"
tile 261 "baby shimmering dragon"
tile 262 "baby deep dragon"
tile 263 "baby red dragon"
tile 264 "baby white dragon"
tile 265 "baby orange dragon"
tile 266 "baby black dragon"
tile 267 "baby blue dragon"
tile 268 "baby green dragon"
tile 269 "baby yellow dragon"
tile 270 "gray dragon"
tile 271 "silver dragon"
tile 272 "shimmering dragon"
tile 273 "deep dragon"
tile 274 "red dragon"
tile 275 "white dragon"
tile 276 "orange dragon"
tile 277 "black dragon"
tile 278 "blue dragon"
tile 279 "green dragon"
tile 280 "yellow dragon"
tile 281 "wyvern"
tile 282 "hydra"
tile 283 "stalker"
tile 284 "air elemental"
tile 285 "fire elemental"
tile 286 "earth elemental"
tile 287 "water elemental"
tile 288 "lichen"
tile 289 "brown mold"
tile 290 "yellow mold"
tile 291 "green mold"
tile 292 "red mold"
tile 293 "shrieker"
tile 294 "violet fungus"
tile 295 "disgusting mold"
tile 296 "black mold"
tile 297 "gnome"
tile 298 "gnome thief"
tile 299 "gnome lord"
tile 300 "gnomish wizard"
tile 301 "deep gnome"
tile 302 "gnome warrior"
tile 303 "Ruggo the Gnome King"
tile 304 "gnome king"
tile 305 "gnoll"
tile 306 "gnoll warrior"
tile 307 "gnoll chieftain"
tile 308 "gnoll shaman"
tile 309 "giant"
tile 310 "stone giant"
tile 311 "hill giant"
tile 312 "fire giant"
tile 313 "frost giant"
tile 314 "ettin"
tile 315 "titan"
tile 316 "storm giant"
tile 317 "minotaur"
tile 318 "the Largest Giant"
tile 319 "Father Dagon"
tile 320 "Mother Hydra"
tile 321 "jabberwock"
tile 322 "vorpal jabberwock"
tile 323 "Keystone Kop"
tile 324 "Kop Sergeant"
tile 325 "Kop Lieutenant"
tile 326 "Kop Kaptain"
tile 327 "lich"
tile 328 "demilich"
tile 329 "master lich"
tile 330 "arch-lich"
tile 331 "kobold mummy"
tile 332 "gnome mummy"
tile 333 "orc mummy"
tile 334 "dwarf mummy"
tile 335 "elf mummy"
tile 336 "human mummy"
tile 337 "ettin mummy"
tile 338 "giant mummy"
tile 339 "troll mummy"
tile 340 "red naga hatchling"
tile 341 "black naga hatchling"
tile 342 "golden naga hatchling"
tile 343 "guardian naga hatchling"
tile 344 "red naga"
tile 345 "black naga"
tile 346 "golden naga"
tile 347 "guardian naga"
tile 348 "ogre"
tile 349 "ogre lord"
tile 350 "ogre mage"
tile 351 "ogre king"
tile 352 "shadow ogre"
tile 353 "gray ooze"
tile 354 "brown pudding"
tile 355 "moldy pudding"
tile 356 "black pudding"
tile 357 "green slime"
tile 358 "shoggoth"
tile 359 "giant shoggoth"
tile 360 "quantum mechanic"
tile 361 "genetic engineer"
tile 362 "Doctor Frankenstein"
tile 363 "rust monster"
tile 364 "disenchanter"
tile 365 "garter snake"
tile 366 "snake"
tile 367 "water moccasin"
tile 368 "pit viper"
tile 369 "python"
tile 370 "cobra"
tile 371 "king cobra"
tile 372 "weresnake"
tile 373 "asphynx"
tile 374 "troll"
tile 375 "ice troll"
tile 376 "rock troll"
tile 377 "two-headed troll"
tile 378 "water troll"
tile 379 "Olog-hai"
tile 380 "black troll"
tile 381 "umber hulk"
tile 382 "water hulk"
tile 383 "vampire"
tile 384 "vampire lord"
tile 385 "fire vampire"
tile 386 "star vampire"
tile 387 "vampire mage"
tile 388 "Vlad the Impaler"
tile 389 "barrow wight"
tile 390 "wight"
tile 391 "wraith"
tile 392 "Nazgul"
tile 393 "xorn"
tile 394 "monkey"
tile 395 "ape"
tile 396 "owlbear"
tile 397 "yeti"
tile 398 "carnivorous ape"
tile 399 "sasquatch"
tile 400 "zruty"
tile 401 "kobold zombie"
tile 402 "gnome zombie"
tile 403 "orc zombie"
tile 404 "dwarf zombie"
tile 405 "elf zombie"
tile 406 "human zombie"
tile 407 "ghoul"
tile 408 "ghoul mage"
tile 409 "ettin zombie"
tile 410 "ghast"
tile 411 "giant zombie"
tile 412 "skeleton"
tile 413 "ghoul queen"
tile 414 "gug"
tile 415 "straw golem"
tile 416 "paper golem"
tile 417 "wax golem"
tile 418 "plastic golem"
tile 419 "rope golem"
tile 420 "gold golem"
tile 421 "leather golem"
tile 422 "wood golem"
tile 423 "flesh golem"
tile 424 "clay golem"
tile 425 "stone golem"
tile 426 "glass golem"
tile 427 "iron golem"
tile 428 "Frankenstein's Monster"
tile 429 "ruby golem"
tile 430 "diamond golem"
tile 431 "sapphire golem"
tile 432 "steel golem"
tile 433 "crystal golem"
tile 434 "human"
tile 435 "wererat"
tile 436 "werejackal"
tile 437 "werewolf"
tile 438 "werepanther"
tile 439 "weretiger"
tile 440 "weresnake"
tile 441 "werespider"
tile 442 "gibberling"
tile 443 "grimlock"
tile 444 "elf"
tile 445 "Woodland-elf"
tile 446 "Green-elf"
tile 447 "Grey-elf"
tile 448 "High-elf"
tile 449 "elf-lord"
tile 450 "drow"
tile 451 "Elvenking"
tile 452 "doppelganger"
tile 453 "mugger"
tile 454 "nurse"
tile 455 "gypsy"
tile 456 "shopkeeper"
tile 457 "black marketeer"
tile 458 "guard"
tile 459 "prisoner"
tile 460 "Oracle"
tile 461 "aligned priest"
tile 462 "high priest"
tile 463 "soldier"
tile 464 "sergeant"
tile 465 "lieutenant"
tile 466 "captain"
tile 467 "watchman"
tile 468 "watch captain"
tile 469 "Medusa"
tile 470 "Wizard of Yendor"
tile 471 "Croesus"
tile 472 "Charon"
tile 473 "shadow"
tile 474 "ghost"
tile 475 "shade"
tile 476 "water demon"
tile 477 "horned devil"
tile 478 "spined devil"
tile 479 "bearded devil"
tile 480 "succubus"
tile 481 "incubus"
tile 482 "erinys"
tile 483 "barbed devil"
tile 484 "marilith"
tile 485 "bar-lgura"
tile 486 "chasme"
tile 487 "vrock"
tile 488 "babau"
tile 489 "hezrou"
tile 490 "bone devil"
tile 491 "ice devil"
tile 492 "nalfeshnee"
tile 493 "nabassu"
tile 494 "pit fiend"
tile 495 "balrog"
tile 496 "Juiblex"
tile 497 "Yeenoghu"
tile 498 "Orcus"
tile 499 "Geryon"
tile 500 "Dispater"
tile 501 "Baalzebub"
tile 502 "Asmodeus"
tile 503 "Demogorgon"
tile 504 "Cthulhu"
tile 505 "Death"
tile 506 "Pestilence"
tile 507 "Famine"
tile 508 "mail daemon"
tile 509 "djinni"
tile 510 "efreeti"
tile 511 "dao"
tile 512 "marid"
tile 513 "sandestin"
tile 514 "jellyfish"
tile 515 "piranha"
tile 516 "giant eel"
tile 517 "shark"
tile 518 "giant crab"
tile 519 "electric eel"
tile 520 "kraken"
tile 521 "newt"
tile 522 "gecko"
tile 523 "iguana"
tile 524 "baby crocodile"
tile 525 "lizard"
tile 526 "gila monster"
tile 527 "chameleon"
tile 528 "crocodile"
tile 529 "salamander"
tile 530 "rhaumbusun"
tile 531 "basilisk"
tile 532 "komodo dragon"
tile 533 "bad egg"
tile 534 "killer tripe ration"
tile 535 "killer food ration"
tile 536 "pile of killer coins"
tile 537 "large pile of killer coins"
tile 538 "huge pile of killer coins"
tile 539 "long worm tail"
tile 540 "Nightmare"
tile 541 "Beholder"
tile 542 "Vecna"
tile 543 "archeologist"
tile 544 "barbarian"
tile 545 "caveman"
tile 546 "cavewoman"
tile 547 "flame mage"
tile 548 "healer"
tile 549 "ice mage"
tile 550 "knight"
tile 551 "monk"
tile 552 "necromancer"
tile 553 "priest"
tile 554 "priestess"
tile 555 "ranger"
tile 556 "rogue"
tile 557 "samurai"
tile 558 "tourist"
tile 559 "undead slayer"
tile 560 "valkyrie"
tile 561 "yeoman"
tile 562 "wizard"
tile 563 "Lord Carnarvon"
tile 564 "Pelias"
tile 565 "Shaman Karnov"
tile 566 "Master Shifter"
tile 567 "Thorin"
tile 568 "Earendil"
tile 569 "Elwing"
tile 570 "High Flame Mage"
tile 571 "Hippocrates"
tile 572 "Bilbo Baggins"
tile 573 "High Ice Mage"
tile 574 "King Arthur"
tile 575 "High Lycanthrope"
tile 576 "Grand Master"
tile 577 "Dark Lord"
tile 578 "Arch Priest"
tile 579 "Orion"
tile 580 "Master of Thieves"
tile 581 "Lord Sato"
tile 582 "Twoflower"
tile 583 "Van Helsing"
tile 584 "Norn"
tile 585 "Neferet the Green"
tile 586 "Lolth"
tile 587 "Chief Yeoman Warder"
tile 588 "Minion of Huhetotl"
tile 589 "Thoth Amon"
tile 590 "Chromatic Dragon"
tile 591 "Transmuter"
tile 592 "Smaug"
tile 593 "Goblin King"
tile 594 "Water Mage"
tile 595 "Lareth"
tile 596 "Cyclops"
tile 597 "Gollum"
tile 598 "Earth Mage"
tile 599 "Ixoth"
tile 600 "Sir Lorimar"
tile 601 "Master Kaen"
tile 602 "Maugneshaagar"
tile 603 "Nalzok"
tile 604 "Scorpius"
tile 605 "Master Assassin"
tile 606 "Ashikaga Takauji"
tile 607 "Count Dracula"
tile 608 "Lord Surtur"
tile 609 "Dark One"
tile 610 "Colonel Blood"
tile 611 "student"
tile 612 "chieftain"
tile 613 "neanderthal"
tile 614 "shifter"
tile 615 "dwarf warrior"
tile 616 "igniter"
tile 617 "froster"
tile 618 "fiend"
tile 619 "attendant"
tile 620 "proudfoot"
tile 621 "intern"
tile 622 "page"
tile 623 "abbot"
tile 624 "embalmer"
tile 625 "acolyte"
tile 626 "hunter"
tile 627 "thug"
tile 628 "ninja"
tile 629 "ronin"
tile 630 "roshi"
tile 631 "guide"
tile 632 "exterminator"
tile 633 "warrior"
tile 634 "apprentice"
tile 635 "Yeoman Warder"
tile 636 "Farmer Maggot"
tile 637 "invisible monster"
tile 638 "strange object"
tile 639 "crude dagger"
tile 640 "dagger"
tile 641 "athame"
tile 642 "silver dagger"
tile 643 "runed dagger"
tile 644 "black runed dagger"
tile 645 "wooden stake"
tile 646 "great dagger"
tile 647 "worm tooth"
tile 648 "knife"
tile 649 "stiletto"
tile 650 "scalpel"
tile 651 "crysknife"
tile 652 "axe"
tile 653 "double-headed axe"
tile 654 "broad pick"
tile 655 "crude short sword"
tile 656 "short sword"
tile 657 "silver short sword"
tile 658 "broad short sword"
tile 659 "runed short sword"
tile 660 "black runed short sword"
tile 661 "broadsword"
tile 662 "runed broadsword"
tile 663 "runed broadsword"
tile 664 "long sword"
tile 665 "silver long sword"
tile 666 "samurai sword"
tile 667 "two-handed sword"
tile 668 "long samurai sword"
tile 669 "curved sword"
tile 670 "rapier"
tile 671 "silver saber"
tile 672 "club"
tile 673 "thonged club"
tile 674 "baseball bat"
tile 675 "fly swatter"
tile 676 "silver mace"
tile 677 "mace"
tile 678 "morning star"
tile 679 "flail"
tile 680 "war hammer"
tile 681 "heavy hammer"
tile 682 "staff"
tile 683 "vulgar polearm"
tile 684 "single-edged polearm"
tile 685 "forked polearm"
tile 686 "hilted polearm"
tile 687 "long poleaxe"
tile 688 "pole cleaver"
tile 689 "angled poleaxe"
tile 690 "pole sickle"
tile 691 "pruning hook"
tile 692 "hooked polearm"
tile 693 "pronged polearm"
tile 694 "beaked polearm"
tile 695 "crude spear"
tile 696 "spear"
tile 697 "silver spear"
tile 698 "runed spear"
tile 699 "stout spear"
tile 700 "throwing spear"
tile 701 "trident"
tile 702 "lance"
tile 703 "crude bow"
tile 704 "bow"
tile 705 "runed bow"
tile 706 "black runed bow"
tile 707 "long bow"
tile 708 "crude arrow"
tile 709 "arrow"
tile 710 "silver arrow"
tile 711 "runed arrow"
tile 712 "black runed arrow"
tile 713 "bamboo arrow"
tile 714 "sling"
tile 715 "pistol"
tile 716 "submachine gun"
tile 717 "heavy machine gun"
tile 718 "rifle"
tile 719 "assault rifle"
tile 720 "sniper rifle"
tile 721 "shotgun"
tile 722 "auto shotgun"
tile 723 "rocket launcher"
tile 724 "grenade launcher"
tile 725 "bullet"
tile 726 "silver bullet"
tile 727 "shotgun shell"
tile 728 "rocket"
tile 729 "frag grenade"
tile 730 "gas grenade"
tile 731 "red stick"
tile 732 "crossbow"
tile 733 "crossbow bolt"
tile 734 "dart"
tile 735 "throwing star"
tile 736 "boomerang"
tile 737 "bullwhip"
tile 738 "rubber hose"
tile 739 "Hawaiian shirt"
tile 740 "T-shirt"
tile 741 "plate mail"
tile 742 "crystal plate mail"
tile 743 "bronze plate mail"
tile 744 "splint mail"
tile 745 "banded mail"
tile 746 "dwarvish mithril-coat"
tile 747 "dark elven mithril-coat"
tile 748 "elven mithril-coat"
tile 749 "chain mail"
tile 750 "crude chain mail"
tile 751 "scale mail"
tile 752 "studded leather armor"
tile 753 "ring mail"
tile 754 "crude ring mail"
tile 755 "leather armor"
tile 756 "leather jacket"
tile 757 "red robe"
tile 758 "blue robe"
tile 759 "orange robe"
tile 760 "green robe"
tile 761 "gray dragon scale mail"
tile 762 "silver dragon scale mail"
tile 763 "shimmering dragon scale mail"
tile 764 "deep dragon scale mail"
tile 765 "red dragon scale mail"
tile 766 "white dragon scale mail"
tile 767 "orange dragon scale mail"
tile 768 "black dragon scale mail"
tile 769 "blue dragon scale mail"
tile 770 "green dragon scale mail"
tile 771 "yellow dragon scale mail"
tile 772 "gray dragon scales"
tile 773 "silver dragon scales"
tile 774 "shimmering dragon scales"
tile 775 "deep dragon scales"
tile 776 "red dragon scales"
tile 777 "white dragon scales"
tile 778 "orange dragon scales"
tile 779 "black dragon scales"
tile 780 "blue dragon scales"
tile 781 "green dragon scales"
tile 782 "yellow dragon scales"
tile 783 "mummy wrapping"
tile 784 "coarse mantelet"
tile 785 "hooded cloak"
tile 786 "slippery cloak"
tile 787 "faded pall"
tile 788 "white coat"
tile 789 "leather cloak"
tile 790 "tattered cape"
tile 791 "dirty rag"
tile 792 "opera cloak"
tile 793 "ornamental cope"
tile 794 "piece of cloth"
tile 795 "leather hat"
tile 796 "iron skull cap"
tile 797 "hard hat"
tile 798 "fedora"
tile 799 "conical hat"
tile 800 "conical hat"
tile 801 "dented pot"
tile 802 "plumed helmet"
tile 803 "etched helmet"
tile 804 "crested helmet"
tile 805 "visored helmet"
tile 806 "old gloves"
tile 807 "padded gloves"
tile 808 "riding gloves"
tile 809 "black gloves"
tile 810 "fencing gloves"
tile 811 "small shield"
tile 812 "blue and green shield"
tile 813 "white-handed shield"
tile 814 "red-eyed shield"
tile 815 "large shield"
tile 816 "large round shield"
tile 817 "polished silver shield"
tile 818 "walking shoes"
tile 819 "hard shoes"
tile 820 "jackboots"
tile 821 "combat boots"
tile 822 "jungle boots"
tile 823 "hiking boots"
tile 824 "mud boots"
tile 825 "steel boots"
tile 826 "riding boots"
tile 827 "snow boots"
tile 828 "wooden"
tile 829 "topaz"
tile 830 "ridged"
tile 831 "black onyx"
tile 832 "shiny"
tile 833 "wedding"
tile 834 "jade"
tile 835 "bronze"
tile 836 "diamond"
tile 837 "sapphire"
tile 838 "brass"
tile 839 "opal"
tile 840 "obsidian"
tile 841 "plain"
tile 842 "granite"
tile 843 "glass"
tile 844 "clay"
tile 845 "coral"
tile 846 "steel"
tile 847 "wire"
tile 848 "pearl"
tile 849 "engagement"
tile 850 "copper"
tile 851 "iron"
tile 852 "twisted"
tile 853 "agate"
tile 854 "moonstone"
tile 855 "tiger eye"
tile 856 "silver"
tile 857 "ruby"
tile 858 "ivory"
tile 859 "emerald"
tile 860 "gold"
tile 861 "square"
tile 862 "warped"
tile 863 "circular"
tile 864 "convex"
tile 865 "spherical"
tile 866 "octagonal"
tile 867 "hexagonal"
tile 868 "triangular"
tile 869 "oval"
tile 870 "concave"
tile 871 "pyramidal"
tile 872 "lunate"
tile 873 "Amulet of Yendor"
tile 874 "Amulet of Yendor"
tile 875 "large box"
tile 876 "chest"
tile 877 "ice box"
tile 878 "bag"
tile 879 "bag"
tile 880 "bag"
tile 881 "bag"
tile 882 "key"
tile 883 "lock pick"
tile 884 "credit card"
tile 885 "candle"
tile 886 "candle"
tile 887 "candle"
tile 888 "lamp"
tile 889 "brass lantern"
tile 890 "lamp"
tile 891 "whistle"
tile 892 "whistle"
tile 893 "flute"
tile 894 "flute"
tile 895 "horn"
tile 896 "horn"
tile 897 "horn"
tile 898 "horn"
tile 899 "harp"
tile 900 "harp"
tile 901 "bell"
tile 902 "bugle"
tile 903 "drum"
tile 904 "drum"
tile 905 "land mine"
tile 906 "beartrap"
tile 907 "spoon"
tile 908 "pick-axe"
tile 909 "fishing pole"
tile 910 "iron hook"
tile 911 "unicorn horn"
tile 912 "torch"
tile 913 "lightsaber"
tile 914 "lightsaber"
tile 915 "lightsaber"
tile 916 "double lightsaber"
tile 917 "expensive camera"
tile 918 "looking glass"
tile 919 "glass orb"
tile 920 "lenses"
tile 921 "blindfold"
tile 922 "towel"
tile 923 "saddle"
tile 924 "leash"
tile 925 "stethoscope"
tile 926 "tinning kit"
tile 927 "leather bag"
tile 928 "tin opener"
tile 929 "can of grease"
tile 930 "figurine"
tile 931 "magic marker"
tile 932 "bandage"
tile 933 "phial"
tile 934 "candelabrum"
tile 935 "silver bell"
tile 936 "tripe ration"
tile 937 "corpse"
tile 938 "egg"
tile 939 "meatball"
tile 940 "meat stick"
tile 941 "huge chunk of meat"
tile 942 "meat ring"
tile 943 "eyeball"
tile 944 "severed hand"
tile 945 "kelp frond"
tile 946 "eucalyptus leaf"
tile 947 "clove of garlic"
tile 948 "sprig of wolfsbane"
tile 949 "apple"
tile 950 "carrot"
tile 951 "pear"
tile 952 "asian pear"
tile 953 "banana"
tile 954 "orange"
tile 955 "mushroom"
tile 956 "melon"
tile 957 "slime mold"
tile 958 "lump of royal jelly"
tile 959 "cream pie"
tile 960 "sandwich"
tile 961 "candy bar"
tile 962 "fortune cookie"
tile 963 "pancake"
tile 964 "tortilla"
tile 965 "cheese"
tile 966 "pill"
tile 967 "holy wafer"
tile 968 "lembas wafer"
tile 969 "cram ration"
tile 970 "food ration"
tile 971 "K-ration"
tile 972 "C-ration"
tile 973 "tin"
tile 974 "brown"
tile 975 "dark"
tile 976 "magenta"
tile 977 "fizzy"
tile 978 "effervescent"
tile 979 "luminescent"
tile 980 "orange"
tile 981 "sky blue"
tile 982 "purple-red"
tile 983 "puce"
tile 984 "pink"
tile 985 "yellow"
tile 986 "muddy"
tile 987 "cloudy"
tile 988 "brilliant blue"
tile 989 "bubbly"
tile 990 "smoky"
tile 991 "swirly"
tile 992 "black"
tile 993 "cyan"
tile 994 "golden"
tile 995 "dark"
tile 996 "white"
tile 997 "murky"
tile 998 "ruby"
tile 999 "milky"
tile 1000 "icy"
tile 1001 "emerald"
tile 1002 "clear"
tile 1003 "blood-red"
tile 1004 "blood-red"
tile 1005 "sparkling"
tile 1006 "LEP GEX VEN ZEA"
tile 1007 "PRIRUTSENIE"
tile 1008 "VERR YED HORRE"
tile 1009 "YUM YUM"
tile 1010 "THARR"
tile 1011 "KERNOD WEL"
tile 1012 "ELAM EBOW"
tile 1013 "NR 9"
tile 1014 "XIXAXA XOXAXA XUXAXA"
tile 1015 "DAIYEN FOOELS"
tile 1016 "ZELGO MER"
tile 1017 "PRATYAVAYAH"
tile 1018 "VENZAR BORGAVVE"
tile 1019 "ANDOVA BEGARIN"
tile 1020 "KIRJE"
tile 1021 "JUYED AWK YACC"
tile 1022 "DUAM XNAHT"
tile 1023 "HACKEM MUCHE"
tile 1024 "ELBIB YLOH"
tile 1025 "VE FORBRYDERNE"
tile 1026 "VELOX NEB"
tile 1027 "FOOBIE BLETCH"
tile 1028 "TEMOV"
tile 1029 "GARVEN DEH"
tile 1030 "READ ME"
tile 1031 "stamped"
tile 1032 "unlabeled"
tile 1033 "red"
tile 1034 "turquoise"
tile 1035 "velvet"
tile 1036 "dark"
tile 1037 "black"
tile 1038 "thick"
tile 1039 "white"
tile 1040 "yellow"
tile 1041 "indigo"
tile 1042 "plaid"
tile 1043 "light brown"
tile 1044 "glittering"
tile 1045 "cloth"
tile 1046 "leather"
tile 1047 "cyan"
tile 1048 "dark blue"
tile 1049 "violet"
tile 1050 "bronze"
tile 1051 "gray"
tile 1052 "dusty"
tile 1053 "orange"
tile 1054 "light green"
tile 1055 "light blue"
tile 1056 "magenta"
tile 1057 "dull"
tile 1058 "thin"
tile 1059 "wide"
tile 1060 "big"
tile 1061 "fuzzy"
tile 1062 "deep"
tile 1063 "spotted"
tile 1064 "long"
tile 1065 "wrinkled"
tile 1066 "copper"
tile 1067 "torn"
tile 1068 "purple"
tile 1069 "faded"
tile 1070 "dark brown"
tile 1071 "tan"
tile 1072 "gold"
tile 1073 "ochre"
tile 1074 "silver"
tile 1075 "pink"
tile 1076 "canvas"
tile 1077 "hardcover"
tile 1078 "dark green"
tile 1079 "parchment"
tile 1080 "shining"
tile 1081 "vellum"
tile 1082 "ragged"
tile 1083 "dog eared"
tile 1084 "mottled"
tile 1085 "stained"
tile 1086 "rainbow"
tile 1087 "tattered"
tile 1088 "colorful"
tile 1089 "tartan"
tile 1090 "stylish"
tile 1091 "psychedelic"
tile 1092 "spiral-bound"
tile 1093 "left-handed"
tile 1094 "stapled"
tile 1095 "plain"
tile 1096 "papyrus"
tile 1097 "glass"
tile 1098 "oak"
tile 1099 "crystal"
tile 1100 "bamboo"
tile 1101 "aluminum"
tile 1102 "marble"
tile 1103 "zinc"
tile 1104 "uranium"
tile 1105 "balsa"
tile 1106 "tin"
tile 1107 "brass"
tile 1108 "ebony"
tile 1109 "copper"
tile 1110 "ceramic"
tile 1111 "platinum"
tile 1112 "maple"
tile 1113 "rusty"
tile 1114 "silver"
tile 1115 "iridium"
tile 1116 "black"
tile 1117 "bronze"
tile 1118 "pine"
tile 1119 "iron"
tile 1120 "steel"
tile 1121 "hexagonal"
tile 1122 "short"
tile 1123 "runed"
tile 1124 "long"
tile 1125 "curved"
tile 1126 "octagonal"
tile 1127 "forked"
tile 1128 "spiked"
tile 1129 "jeweled"
tile 1130 "gold piece"
tile 1131 "white"
tile 1132 "white"
tile 1133 "red"
tile 1134 "orange"
tile 1135 "blue"
tile 1136 "black"
tile 1137 "green"
tile 1138 "green"
tile 1139 "yellow"
tile 1140 "green"
tile 1141 "yellowish brown"
tile 1142 "yellowish brown"
tile 1143 "black"
tile 1144 "white"
tile 1145 "yellow"
tile 1146 "red"
tile 1147 "violet"
tile 1148 "red"
tile 1149 "violet"
tile 1150 "black"
tile 1151 "orange"
tile 1152 "green"
tile 1153 "white"
tile 1154 "blue"
tile 1155 "red"
tile 1156 "yellowish brown"
tile 1157 "orange"
tile 1158 "yellow"
tile 1159 "black"
tile 1160 "green"
tile 1161 "violet"
tile 1162 "gray"
tile 1163 "gray"
tile 1164 "gray"
tile 1165 "gray"
tile 1166 "gray"
tile 1167 "gray"
tile 1168 "rock"
tile 1169 "boulder"
tile 1170 "statue"
tile 1171 "heavy iron ball"
tile 1172 "iron chain"
tile 1173 "splash of venom"
tile 1174 "splash of venom"
tile 1175 "cmap, dark part of a room"
tile 1175 "cmap, wall, dark"
tile 1176 "cmap, wall, vertical"
tile 1177 "cmap, wall, horizontal"
tile 1178 "cmap, wall, top left corner"
tile 1179 "cmap, wall, top right corner"
tile 1180 "cmap, wall, bottom left corner"
tile 1181 "cmap, wall, bottom right corner"
tile 1182 "cmap, wall, crosswall"
tile 1183 "cmap, wall, tee up"
tile 1184 "cmap, wall, tee down"
tile 1185 "cmap, wall, tee left"
tile 1186 "cmap, wall, tee right"
tile 1187 "cmap, door, doorway"
tile 1188 "cmap, door, vertical open door"
tile 1189 "cmap, door, horizontal open door"
tile 1190 "cmap, door, vertical closed door"
tile 1191 "cmap, door, horizontal closed door"
tile 1192 "cmap, iron bars"
tile 1193 "cmap, tree"
tile 1194 "cmap, floor of a room"
tile 1195 "cmap, corridor"
tile 1196 "cmap, lit corridor"
tile 1197 "cmap, staircase up"
tile 1198 "cmap, staircase down"
tile 1199 "cmap, ladder up"
tile 1200 "cmap, ladder down"
tile 1201 "cmap, altar"
tile 1202 "cmap, grave"
tile 1203 "cmap, opulent throne"
tile 1204 "cmap, sink"
tile 1205 "cmap, toilet"
tile 1206 "cmap, fountain"
tile 1207 "cmap, pool"
tile 1208 "cmap, ice"
tile 1209 "cmap, molten lava"
tile 1210 "cmap, lowered drawbridge, vertical"
tile 1211 "cmap, lowered drawbridge, horizontal"
tile 1212 "cmap, raised drawbridge, vertical"
tile 1213 "cmap, raised drawbridge, horizontal"
tile 1214 "cmap, air"
tile 1215 "cmap, cloud"
tile 1216 "cmap, water"
tile 1217 "cmap, trap, arrow trap"
tile 1218 "cmap, trap, dart trap"
tile 1219 "cmap, trap, falling rock trap"
tile 1220 "cmap, trap, squeaky board"
tile 1221 "cmap, trap, bear trap"
tile 1222 "cmap, trap, land mine"
tile 1223 "cmap, trap, rolling boulder trap"
tile 1224 "cmap, trap, sleeping gas trap"
tile 1225 "cmap, trap, rust trap"
tile 1226 "cmap, trap, fire trap"
tile 1227 "cmap, trap, pit"
tile 1228 "cmap, trap, spiked pit"
tile 1229 "cmap, trap, hole"
tile 1230 "cmap, trap, trap door"
tile 1231 "cmap, trap, teleportation trap"
tile 1232 "cmap, trap, level teleporter"
tile 1233 "cmap, trap, magic portal"
tile 1234 "cmap, trap, web"
tile 1235 "cmap, trap, statue trap"
tile 1236 "cmap, trap, magic trap"
tile 1237 "cmap, trap, anti-magic field"
tile 1238 "cmap, trap, polymorph trap"
tile 1239 "cmap, effect, vertical beam"
tile 1240 "cmap, effect, horizontal beam"
tile 1241 "cmap, effect, left slant beam"
tile 1242 "cmap, effect, right slant beam"
tile 1243 "cmap, effect, dig beam"
tile 1244 "cmap, effect, camera flash"
tile 1245 "cmap, effect, thrown boomerang, open left"
tile 1246 "cmap, effect, thrown boomerang, open right"
tile 1247 "cmap, effect, magic shield 1"
tile 1248 "cmap, effect, magic shield 2"
tile 1249 "cmap, effect, magic shield 3"
tile 1250 "cmap, effect, magic shield 4"
tile 1251 "cmap, swallow, top left / monster, *, swallow, top left"
tile 1252 "cmap, swallow, top center / monster, *, swallow, top center"
tile 1253 "cmap, swallow, top right / monster, *, swallow, top right"
tile 1254 "cmap, swallow, middle left / monster, *, swallow, middle left"
tile 1255 "cmap, swallow, middle right / monster, *, swallow, middle right"
tile 1256 "cmap, swallow, bottom left / monster, *, swallow, bottom left"
tile 1257 "cmap, swallow, bottom center / monster, *, swallow, bottom center"
tile 1258 "cmap, swallow, bottom right / monster, *, swallow, bottom right"
tile 1259 "explosion, dark, top left"
tile 1260 "explosion, dark, top center"
tile 1261 "explosion, dark, top right"
tile 1262 "explosion, dark, middle left"
tile 1263 "explosion, dark, middle center"
tile 1264 "explosion, dark, middle right"
tile 1265 "explosion, dark, bottom left"
tile 1266 "explosion, dark, bottom center"
tile 1267 "explosion, dark, bottom right"
tile 1268 "explosion, noxious, top left"
tile 1269 "explosion, noxious, top center"
tile 1270 "explosion, noxious, top right"
tile 1271 "explosion, noxious, middle left"
tile 1272 "explosion, noxious, middle center"
tile 1273 "explosion, noxious, middle right"
tile 1274 "explosion, noxious, bottom left"
tile 1275 "explosion, noxious, bottom center"
tile 1276 "explosion, noxious, bottom right"
tile 1277 "explosion, muddy, top left"
tile 1278 "explosion, muddy, top center"
tile 1279 "explosion, muddy, top right"
tile 1280 "explosion, muddy, middle left"
tile 1281 "explosion, muddy, middle center"
tile 1282 "explosion, muddy, middle right"
tile 1283 "explosion, muddy, bottom left"
tile 1284 "explosion, muddy, bottom center"
tile 1285 "explosion, muddy, bottom right"
tile 1286 "explosion, wet, top left"
tile 1287 "explosion, wet, top center"
tile 1288 "explosion, wet, top right"
tile 1289 "explosion, wet, middle left"
tile 1290 "explosion, wet, middle center"
tile 1291 "explosion, wet, middle right"
tile 1292 "explosion, wet, bottom left"
tile 1293 "explosion, wet, bottom center"
tile 1294 "explosion, wet, bottom right"
tile 1295 "explosion, magical, top left"
tile 1296 "explosion, magical, top center"
tile 1297 "explosion, magical, top right"
tile 1298 "explosion, magical, middle left"
tile 1299 "explosion, magical, middle center"
tile 1300 "explosion, magical, middle right"
tile 1301 "explosion, magical, bottom left"
tile 1302 "explosion, magical, bottom center"
tile 1303 "explosion, magical, bottom right"
tile 1304 "explosion, fiery, top left"
tile 1305 "explosion, fiery, top center"
tile 1306 "explosion, fiery, top right"
tile 1307 "explosion, fiery, middle left"
tile 1308 "explosion, fiery, middle center"
tile 1309 "explosion, fiery, middle right"
tile 1310 "explosion, fiery, bottom left"
tile 1311 "explosion, fiery, bottom center"
tile 1312 "explosion, fiery, bottom right"
tile 1313 "explosion, frosty, top left"
tile 1314 "explosion, frosty, top center"
tile 1315 "explosion, frosty, top right"
tile 1316 "explosion, frosty, middle left"
tile 1317 "explosion, frosty, middle center"
tile 1318 "explosion, frosty, middle right"
tile 1319 "explosion, frosty, bottom left"
tile 1320 "explosion, frosty, bottom center"
tile 1321 "explosion, frosty, bottom right"
tile 1322 "zap, magic missile, vertical"
tile 1323 "zap, magic missile, horizontal"
tile 1324 "zap, magic missile, left slant"
tile 1325 "zap, magic missile, right slant"
tile 1326 "zap, fire, vertical"
tile 1327 "zap, fire, horizontal"
tile 1328 "zap, fire, left slant"
tile 1329 "zap, fire, right slant"
tile 1330 "zap, cold, vertical"
tile 1331 "zap, cold, horizontal"
tile 1332 "zap, cold, left slant"
tile 1333 "zap, cold, right slant"
tile 1334 "zap, sleep, vertical"
tile 1335 "zap, sleep, horizontal"
tile 1336 "zap, sleep, left slant"
tile 1337 "zap, sleep, right slant"
tile 1338 "zap, death, vertical"
tile 1339 "zap, death, horizontal"
tile 1340 "zap, death, left slant"
tile 1341 "zap, death, right slant"
tile 1342 "zap, lightning, vertical"
tile 1343 "zap, lightning, horizontal"
tile 1344 "zap, lightning, left slant"
tile 1345 "zap, lightning, right slant"
tile 1346 "zap, poison gas, vertical"
tile 1347 "zap, poison gas, horizontal"
tile 1348 "zap, poison gas, left slant"
tile 1349 "zap, poison gas, right slant"
tile 1350 "zap, acid, vertical"
tile 1351 "zap, acid, horizontal"
tile 1352 "zap, acid, left slant"
tile 1353 "zap, acid, right slant"
tile 1354 "warning, 0"
tile 1355 "warning, 1"
tile 1356 "warning, 2"
tile 1357 "warning, 3"
tile 1358 "warning, 4"
tile 1359 "warning, 5"
tile 1360 "cmap, wall, vertical, mine"
tile 1361 "cmap, wall, horizontal, mine"
tile 1362 "cmap, wall, top left corner, mine"
tile 1363 "cmap, wall, top right corner, mine"
tile 1364 "cmap, wall, bottom left corner, mine"
tile 1365 "cmap, wall, bottom right corner, mine"
tile 1366 "cmap, wall, crosswall, mine"
tile 1367 "cmap, wall, tee up, mine"
tile 1368 "cmap, wall, tee down, mine"
tile 1369 "cmap, wall, tee left, mine"
tile 1370 "cmap, wall, tee right, mine"
tile 1371 "cmap, wall, vertical, gehennom"
tile 1372 "cmap, wall, horizontal, gehennom"
tile 1373 "cmap, wall, top left corner, gehennom"
tile 1374 "cmap, wall, top right corner, gehennom"
tile 1375 "cmap, wall, bottom left corner, gehennom"
tile 1376 "cmap, wall, bottom right corner, gehennom"
tile 1377 "cmap, wall, crosswall, gehennom"
tile 1378 "cmap, wall, tee up, gehennom"
tile 1379 "cmap, wall, tee down, gehennom"
tile 1380 "cmap, wall, tee left, gehennom"
tile 1381 "cmap, wall, tee right, gehennom"
tile 1382 "cmap, wall, vertical, knox"
tile 1383 "cmap, wall, horizontal, knox"
tile 1384 "cmap, wall, top left corner, knox"
tile 1385 "cmap, wall, top right corner, knox"
tile 1386 "cmap, wall, bottom left corner, knox"
tile 1387 "cmap, wall, bottom right corner, knox"
tile 1388 "cmap, wall, crosswall, knox"
tile 1389 "cmap, wall, tee up, knox"
tile 1390 "cmap, wall, tee down, knox"
tile 1391 "cmap, wall, tee left, knox"
tile 1392 "cmap, wall, tee right, knox"
tile 1393 "cmap, wall, vertical, sokoban"
tile 1394 "cmap, wall, horizontal, sokoban"
tile 1395 "cmap, wall, top left corner, sokoban"
tile 1396 "cmap, wall, top right corner, sokoban"
tile 1397 "cmap, wall, bottom left corner, sokoban"
tile 1398 "cmap, wall, bottom right corner, sokoban"
tile 1399 "cmap, wall, crosswall, sokoban"
tile 1400 "cmap, wall, tee up, sokoban"
tile 1401 "cmap, wall, tee down, sokoban"
tile 1402 "cmap, wall, tee left, sokoban"
tile 1403 "cmap, wall, tee right, sokoban"
